[ir.ingersollrand.com/investors/overview/default.html]
[backblue.gif]
[fade.gif]
[index.html]
[s21.q4cdn.com/515635695/files/css/jquery-ui.css]
[s21.q4cdn.com/515635695/files/css/print.css]
[s21.q4cdn.com/515635695/files/css/global0ac9.css]
[s21.q4cdn.com/515635695/files/css/client579a.css]
[s21.q4cdn.com/515635695/files/js/q4.app.js]
[assets.adobedtm.com/cf06d89114b9eb0a1a6d89461a9a9bb23dee5eda/satelliteLib-0a0320ff4d56ec7807f95e046addc3f609080cd7.js]
[www.google-analytics.com/analytics.js]
[s21.q4cdn.com/515635695/files/js/icheck.min.js]
[s21.q4cdn.com/515635695/files/js/q4.core.js]
[s21.q4cdn.com/515635695/files/design/ClubCarLogo.png]
[s21.q4cdn.com/515635695/files/design/IngersollRandLogo.png]
[s21.q4cdn.com/515635695/files/design/ThermoKingLogo.png]
[s21.q4cdn.com/515635695/files/design/TraneLogo.png]
[s21.q4cdn.com/515635695/files/design/Usa.png]
[s21.q4cdn.com/515635695/files/design/China.png]
[s21.q4cdn.com/515635695/files/design/India.png]
[s21.q4cdn.com/515635695/files/design/ClientLogo.png]
[s21.q4cdn.com/515635695/files/design/ClubCarLogo-mob.png]
[s21.q4cdn.com/515635695/files/design/IngersollRandLogo-mob.png]
[s21.q4cdn.com/515635695/files/design/ThermoKingLogo-mob.png]
[s21.q4cdn.com/515635695/files/design/TraneLogo-mob.png]
[q4implementation.s3.amazonaws.com/widgets/q4.api.1.12.0.min.js]
[q4implementation.s3.amazonaws.com/widgets/requireslib/moment.min.js]
[s21.q4cdn.com/515635695/files/design/curve-presentation.png]
[q4widgets.q4web.com/slideshare/modules/slideshare.js]
[ir.ingersollrand.com/Modules/IRPortal.Modules.Event/js/EventReminder.js]
[s21.q4cdn.com/515635695/files/design/curve1.png]
[ir.ingersollrand.com/investors/overview/default.html]
[widgets.q4app.com/widgets/q4.addtocal.1.0.4.min.js]
[static.addtoany.com/menu/page.js]
[s21.q4cdn.com/515635695/files/images/jquery-ui-darkness/ui-bg_inset-soft_25_000000_1x100.png]
[s21.q4cdn.com/515635695/files/images/jquery-ui-darkness/ui-bg_gloss-wave_25_333333_500x100.png]
[s21.q4cdn.com/515635695/files/images/jquery-ui-darkness/ui-bg_glass_20_555555_1x400.png]
[s21.q4cdn.com/515635695/files/images/jquery-ui-darkness/ui-bg_glass_40_0078a3_1x400.png]
[s21.q4cdn.com/515635695/files/images/jquery-ui-darkness/ui-bg_inset-soft_30_f58400_1x100.png]
[s21.q4cdn.com/515635695/files/images/jquery-ui-darkness/ui-bg_highlight-soft_80_eeeeee_1x100.png]
[s21.q4cdn.com/515635695/files/images/jquery-ui-darkness/ui-bg_glass_40_ffc73d_1x400.png]
[s21.q4cdn.com/515635695/files/images/jquery-ui-darkness/ui-icons_cccccc_256x240.png]
[s21.q4cdn.com/515635695/files/images/jquery-ui-darkness/ui-icons_ffffff_256x240.png]
[s21.q4cdn.com/515635695/files/images/jquery-ui-darkness/ui-icons_222222_256x240.png]
[s21.q4cdn.com/515635695/files/images/jquery-ui-darkness/ui-icons_4b8e0b_256x240.png]
[s21.q4cdn.com/515635695/files/images/jquery-ui-darkness/ui-icons_a83300_256x240.png]
[s21.q4cdn.com/515635695/files/images/jquery-ui-darkness/ui-bg_flat_50_5c5c5c_40x100.png]
[s21.q4cdn.com/515635695/files/images/jquery-ui-darkness/ui-bg_flat_30_cccccc_40x100.png]
[s21.q4cdn.com/515635695/files/css/jquery-ui.css]
[s21.q4cdn.com/515635695/files/css/print.css]
[s21.q4cdn.com/515635695/files/design/icheck.png]
[s21.q4cdn.com/515635695/files/design/fancybox_sprite.png]
[s21.q4cdn.com/515635695/files/design/fancybox_loading.gif]
[s21.q4cdn.com/515635695/files/design/blank.gif]
[s21.q4cdn.com/515635695/files/design/fancybox_overlay.png]
[s21.q4cdn.com/515635695/files/design/fancybox_sprite@2x.png]
[s21.q4cdn.com/515635695/files/design/fancybox_loading@2x.gif]
[s21.q4cdn.com/515635695/files/images/loader.gif]
[s21.q4cdn.com/515635695/files/design/select-icons.png]
[s21.q4cdn.com/515635695/files/design/banner.jpg]
[s21.q4cdn.com/515635695/files/design/arrow-top.png]
[s21.q4cdn.com/515635695/files/design/arrow-down.png]
[s21.q4cdn.com/515635695/files/design/home-banner.jpg]
[s21.q4cdn.com/515635695/files/design/home-banner-mob.jpg]
[s21.q4cdn.com/515635695/files/design/box1.jpg]
[s21.q4cdn.com/515635695/files/design/box2.jpg]
[s21.q4cdn.com/515635695/files/css/global0ac9.css]
[s21.q4cdn.com/515635695/files/css/client579a.css]
[cdnjs.cloudflare.com/ajax/libs/fancybox/2.1.5/jquery.fancybox.min.css]
[cdnjs.cloudflare.com/ajax/libs/fancybox/2.1.5/jquery.fancybox.min.js]
[s21.q4cdn.com/515635695/files/js/q4.core.js]
[s21.q4cdn.com/515635695/files/js/q4.app.js]
[s21.q4cdn.com/515635695/files/js/icheck.min.js]
[assets.adobedtm.com/cf06d89114b9eb0a1a6d89461a9a9bb23dee5eda/satelliteLib-0a0320ff4d56ec7807f95e046addc3f609080cd7.js]
[ir.ingersollrand.com/investors/overview/mustache.html]
[cdnjs.cloudflare.com/ajax/libs/fancybox/2.1.5/fancybox_sprite.png]
[cdnjs.cloudflare.com/ajax/libs/fancybox/2.1.5/fancybox_loading.gif]
[cdnjs.cloudflare.com/ajax/libs/fancybox/2.1.5/blank.gif]
[cdnjs.cloudflare.com/ajax/libs/fancybox/2.1.5/fancybox_overlay.png]
[cdnjs.cloudflare.com/ajax/libs/fancybox/2.1.5/fancybox_sprite@2x.png]
[cdnjs.cloudflare.com/ajax/libs/fancybox/2.1.5/jquery.fancybox.min.css]
[cdnjs.cloudflare.com/ajax/libs/fancybox/2.1.5/fancybox_loading@2x.gif]
